2025-06-03 17:37:04,380 - pyswarms.single.global_best - INFO - Optimize for 100 iters with {'c1': 0.5, 'c2': 0.3, 'w': 0.9}
2025-06-03 17:37:04,853 - pyswarms.single.global_best - INFO - Optimization finished | best cost: 0.07409655802352459, best pos: [ 1.13162245 -3.08620573 -0.95875649 -1.14244359 -2.93187668  4.40542185
 -2.73786583  0.84676941 -1.12925434 -0.48621712  0.81073226 -1.07906541
 -2.81992212  0.26460565 -0.67857226 -0.44197803  0.29921294 -0.30138837
 -1.75099344 -1.6609778   0.12729906  1.19769126 -2.06083121  3.08282829
 -2.01052938  1.51671042  2.04477884 -1.78035322 -0.01973954  0.81646899
  0.25205416 -2.76663135  2.42464352  1.4713755  -0.21471396  1.03097873
  1.26810803  1.70000809 -2.40051398 -0.99927011 -2.02510965  0.01792297
  1.08810904 -0.68798025  3.82502881 -2.54132923 -1.24895711  0.39366943
  0.40951039  0.41088662 -2.94889756  0.85842983 -1.30565749 -0.80688733
  0.7056848   0.22093398 -0.66229919  0.56252579 -3.16600048  3.29496693
 -2.60384762  0.42138876 -2.10456947  0.27069283  3.55436709 -2.45140034
  3.59577163 -2.84782669 -1.75032277 -1.26300613  1.3790547  -1.50832508
  3.75381265 -1.70089855  1.2791267  -1.77958368 -1.35155421  2.22352027
  0.66738658  2.18830654  0.6440378   1.53261563 -0.8509161   1.95915789
  0.37739344  1.21200613  0.6021019   4.94836297 -0.93164013 -0.19766238
  1.94036866  1.65830826 -1.02817695 -0.68322321 -0.40737815  1.36710173
 -1.63678691  2.53094375 -1.37123498  2.17010343  1.03308099 -1.97805976
 -1.4540076   2.00637802 -0.97525825 -3.31285191 -2.58106671 -2.11651989
  1.61985034  2.98301894  2.92901952  2.05934322  1.05076901  1.08889888
  3.75363489  1.28790399 -1.57813461  2.05347911  0.06220059  1.53850061
 -0.01035533  2.50190727  2.41183493  0.65308795  2.71537833 -0.70933298
 -0.70882175 -0.46493224 -1.09224817 -1.10526608  1.79721037 -2.75435132
  0.47972501  1.87421383 -0.64396075 -2.21122005 -2.47526024  1.85553788
  0.66874111  2.05661125  0.33954107 -1.55431927 -1.17286769  0.6800498
  1.320039    1.52371722  2.52831176 -2.13741422  1.10524377  2.41505524
 -2.66968158  0.18371759 -0.09337462 -2.1151737  -1.92778592 -1.57489288
  0.77022159 -2.62278062  2.09247645  1.6993142  -1.96758457  2.4133332
 -2.64410938]
